Archive member included to satisfy reference by file (symbol)

../sampler_bsp/\libhal_bsp.a(alt_load.o)
                              ../sampler_bsp//obj/HAL/src/crt0.o (alt_load)
../sampler_bsp/\libhal_bsp.a(alt_main.o)
                              ../sampler_bsp//obj/HAL/src/crt0.o (alt_main)
../sampler_bsp/\libhal_bsp.a(alt_putstr.o)
                              obj/default/hello_world_small.o (alt_putstr)
../sampler_bsp/\libhal_bsp.a(alt_sys_init.o)
                              ../sampler_bsp/\libhal_bsp.a(alt_main.o) (alt_irq_init)
../sampler_bsp/\libhal_bsp.a(altera_avalon_jtag_uart_write.o)
                              ../sampler_bsp/\libhal_bsp.a(alt_putstr.o) (altera_avalon_jtag_uart_write)
../sampler_bsp/\libhal_bsp.a(alt_dcache_flush_all.o)
                              ../sampler_bsp/\libhal_bsp.a(alt_load.o) (alt_dcache_flush_all)
../sampler_bsp/\libhal_bsp.a(alt_icache_flush_all.o)
                              ../sampler_bsp/\libhal_bsp.a(alt_load.o) (alt_icache_flush_all)
../sampler_bsp/\libhal_bsp.a(altera_nios2_gen2_irq.o)
                              ../sampler_bsp/\libhal_bsp.a(alt_sys_init.o) (altera_nios2_gen2_irq_init)
f:/intelfpga_lite/17.0/nios2eds/bin/gnu/h-x86_64-mingw32/bin/../lib/gcc/nios2-elf/5.3.0/../../../../../H-x86_64-mingw32/nios2-elf/lib/mno-hw-mul\libsmallc.a(lib_a-strlen.o)
                              ../sampler_bsp/\libhal_bsp.a(alt_putstr.o) (strlen)

Allocating common symbols
Common symbol       size              file

tmp                 0x4               obj/default/hello_world_small.o

Memory Configuration

Name             Origin             Length             Attributes
reset            0x0000000000000000 0x0000000000000020
cpu_memory       0x0000000000000020 0x0000000000003fe0
sdram            0x0000000002000000 0x0000000002000000
*default*        0x0000000000000000 0xffffffffffffffff

Linker script and memory map

LOAD ../sampler_bsp//obj/HAL/src/crt0.o
LOAD obj/default/hello_world_small.o
LOAD f:/intelfpga_lite/17.0/nios2eds/bin/gnu/h-x86_64-mingw32/bin/../lib/gcc/nios2-elf/5.3.0/../../../../../H-x86_64-mingw32/nios2-elf/lib/mno-hw-mul\libstdc++.a
LOAD f:/intelfpga_lite/17.0/nios2eds/bin/gnu/h-x86_64-mingw32/bin/../lib/gcc/nios2-elf/5.3.0/../../../../../H-x86_64-mingw32/nios2-elf/lib/mno-hw-mul\libm.a
LOAD f:/intelfpga_lite/17.0/nios2eds/bin/gnu/h-x86_64-mingw32/bin/../lib/gcc/nios2-elf/5.3.0/mno-hw-mul\libgcc.a
START GROUP
LOAD f:/intelfpga_lite/17.0/nios2eds/bin/gnu/h-x86_64-mingw32/bin/../lib/gcc/nios2-elf/5.3.0/../../../../../H-x86_64-mingw32/nios2-elf/lib/mno-hw-mul\libsmallc.a
LOAD f:/intelfpga_lite/17.0/nios2eds/bin/gnu/h-x86_64-mingw32/bin/../lib/gcc/nios2-elf/5.3.0/mno-hw-mul\libgcc.a
LOAD ../sampler_bsp/\libhal_bsp.a
LOAD f:/intelfpga_lite/17.0/nios2eds/bin/gnu/h-x86_64-mingw32/bin/../lib/gcc/nios2-elf/5.3.0/../../../../../H-x86_64-mingw32/nios2-elf/lib/mno-hw-mul\libm.a
END GROUP
LOAD f:/intelfpga_lite/17.0/nios2eds/bin/gnu/h-x86_64-mingw32/bin/../lib/gcc/nios2-elf/5.3.0/mno-hw-mul\libgcc.a
                0x0000000000000000                __alt_mem_cpu_memory = 0x0
                0x0000000002000000                __alt_mem_sdram = 0x2000000

.entry          0x0000000000000000       0x20
 *(.entry)
 .entry         0x0000000000000000       0x20 ../sampler_bsp//obj/HAL/src/crt0.o
                0x0000000000000000                __reset
                0x000000000000000c                _exit

.exceptions     0x0000000000000020        0x0
                0x0000000000000020                PROVIDE (__ram_exceptions_start, ABSOLUTE (.))
                0x0000000000000020                . = ALIGN (0x20)
 *(.irq)
 *(.exceptions.entry.label)
 *(.exceptions.entry.user)
 *(.exceptions.entry.ecc_fatal)
 *(.exceptions.entry)
 *(.exceptions.irqtest.user)
 *(.exceptions.irqtest)
 *(.exceptions.irqhandler.user)
 *(.exceptions.irqhandler)
 *(.exceptions.irqreturn.user)
 *(.exceptions.irqreturn)
 *(.exceptions.notirq.label)
 *(.exceptions.notirq.user)
 *(.exceptions.notirq)
 *(.exceptions.soft.user)
 *(.exceptions.soft)
 *(.exceptions.unknown.user)
 *(.exceptions.unknown)
 *(.exceptions.exit.label)
 *(.exceptions.exit.user)
 *(.exceptions.exit)
 *(.exceptions)
                0x0000000000000020                PROVIDE (__ram_exceptions_end, ABSOLUTE (.))
                0x0000000000000020                PROVIDE (__flash_exceptions_start, LOADADDR (.exceptions))

.text           0x0000000000000020      0x250
                [!provide]                        PROVIDE (stext, ABSOLUTE (.))
 *(.interp)
 *(.hash)
 *(.dynsym)
 *(.dynstr)
 *(.gnu.version)
 *(.gnu.version_d)
 *(.gnu.version_r)
 *(.rel.init)
 *(.rela.init)
 *(.rel.text .rel.text.* .rel.gnu.linkonce.t.*)
 *(.rela.text .rela.text.* .rela.gnu.linkonce.t.*)
 *(.rel.fini)
 *(.rela.fini)
 *(.rel.rodata .rel.rodata.* .rel.gnu.linkonce.r.*)
 *(.rela.rodata .rela.rodata.* .rela.gnu.linkonce.r.*)
 *(.rel.data .rel.data.* .rel.gnu.linkonce.d.*)
 *(.rela.data .rela.data.* .rela.gnu.linkonce.d.*)
 *(.rel.tdata .rel.tdata.* .rel.gnu.linkonce.td.*)
 *(.rela.tdata .rela.tdata.* .rela.gnu.linkonce.td.*)
 *(.rel.tbss .rel.tbss.* .rel.gnu.linkonce.tb.*)
 *(.rela.tbss .rela.tbss.* .rela.gnu.linkonce.tb.*)
 *(.rel.ctors)
 *(.rela.ctors)
 *(.rel.dtors)
 *(.rela.dtors)
 *(.rel.got)
 *(.rela.got)
 *(.rel.sdata .rel.sdata.* .rel.gnu.linkonce.s.*)
 *(.rela.sdata .rela.sdata.* .rela.gnu.linkonce.s.*)
 *(.rel.sbss .rel.sbss.* .rel.gnu.linkonce.sb.*)
 *(.rela.sbss .rela.sbss.* .rela.gnu.linkonce.sb.*)
 *(.rel.sdata2 .rel.sdata2.* .rel.gnu.linkonce.s2.*)
 *(.rela.sdata2 .rela.sdata2.* .rela.gnu.linkonce.s2.*)
 *(.rel.sbss2 .rel.sbss2.* .rel.gnu.linkonce.sb2.*)
 *(.rela.sbss2 .rela.sbss2.* .rela.gnu.linkonce.sb2.*)
 *(.rel.bss .rel.bss.* .rel.gnu.linkonce.b.*)
 *(.rela.bss .rela.bss.* .rela.gnu.linkonce.b.*)
 *(.rel.plt)
 *(.rela.plt)
 *(.rel.dyn)
 *(.init)
 *(.plt)
 *(.text .stub .text.* .gnu.linkonce.t.*)
 .text          0x0000000000000020       0x3c ../sampler_bsp//obj/HAL/src/crt0.o
                0x0000000000000020                _start
 .text          0x000000000000005c        0x0 obj/default/hello_world_small.o
 .text.startup  0x000000000000005c       0x4c obj/default/hello_world_small.o
                0x000000000000005c                main
 .text          0x00000000000000a8       0xe0 ../sampler_bsp/\libhal_bsp.a(alt_load.o)
                0x00000000000000a8                alt_load
 .text          0x0000000000000188       0x2c ../sampler_bsp/\libhal_bsp.a(alt_main.o)
                0x0000000000000188                alt_main
 .text          0x00000000000001b4       0x38 ../sampler_bsp/\libhal_bsp.a(alt_putstr.o)
                0x00000000000001b4                alt_putstr
 .text          0x00000000000001ec       0x24 ../sampler_bsp/\libhal_bsp.a(alt_sys_init.o)
                0x00000000000001ec                alt_irq_init
                0x000000000000020c                alt_sys_init
 .text          0x0000000000000210       0x34 ../sampler_bsp/\libhal_bsp.a(altera_avalon_jtag_uart_write.o)
                0x0000000000000210                altera_avalon_jtag_uart_write
 .text          0x0000000000000244        0x4 ../sampler_bsp/\libhal_bsp.a(alt_dcache_flush_all.o)
                0x0000000000000244                alt_dcache_flush_all
 .text          0x0000000000000248        0x4 ../sampler_bsp/\libhal_bsp.a(alt_icache_flush_all.o)
                0x0000000000000248                alt_icache_flush_all
 .text          0x000000000000024c        0x8 ../sampler_bsp/\libhal_bsp.a(altera_nios2_gen2_irq.o)
                0x000000000000024c                altera_nios2_gen2_irq_init
 .text          0x0000000000000254        0x0 f:/intelfpga_lite/17.0/nios2eds/bin/gnu/h-x86_64-mingw32/bin/../lib/gcc/nios2-elf/5.3.0/../../../../../H-x86_64-mingw32/nios2-elf/lib/mno-hw-mul\libsmallc.a(lib_a-strlen.o)
 .text.strlen   0x0000000000000254       0x1c f:/intelfpga_lite/17.0/nios2eds/bin/gnu/h-x86_64-mingw32/bin/../lib/gcc/nios2-elf/5.3.0/../../../../../H-x86_64-mingw32/nios2-elf/lib/mno-hw-mul\libsmallc.a(lib_a-strlen.o)
                0x0000000000000254                strlen
 *(.gnu.warning.*)
 *(.fini)
                [!provide]                        PROVIDE (__etext, ABSOLUTE (.))
                [!provide]                        PROVIDE (_etext, ABSOLUTE (.))
                [!provide]                        PROVIDE (etext, ABSOLUTE (.))
 *(.eh_frame_hdr)
                0x0000000000000270                . = ALIGN (0x4)
                [!provide]                        PROVIDE (__preinit_array_start, ABSOLUTE (.))
 *(.preinit_array)
                [!provide]                        PROVIDE (__preinit_array_end, ABSOLUTE (.))
                [!provide]                        PROVIDE (__init_array_start, ABSOLUTE (.))
 *(.init_array)
                [!provide]                        PROVIDE (__init_array_end, ABSOLUTE (.))
                [!provide]                        PROVIDE (__fini_array_start, ABSOLUTE (.))
 *(.fini_array)
                [!provide]                        PROVIDE (__fini_array_end, ABSOLUTE (.))
 *(.eh_frame)
 *(.gcc_except_table .gcc_except_table.*)
 *(.dynamic)
                [!provide]                        PROVIDE (__CTOR_LIST__, ABSOLUTE (.))
 *(.ctors)
 *(SORT(.ctors.*))
                [!provide]                        PROVIDE (__CTOR_END__, ABSOLUTE (.))
                [!provide]                        PROVIDE (__DTOR_LIST__, ABSOLUTE (.))
 *(.dtors)
 *(SORT(.dtors.*))
                [!provide]                        PROVIDE (__DTOR_END__, ABSOLUTE (.))
 *(.jcr)
                0x0000000000000270                . = ALIGN (0x4)

.rodata         0x0000000000000270       0x18
                0x0000000000000270                PROVIDE (__ram_rodata_start, ABSOLUTE (.))
                0x0000000000000270                . = ALIGN (0x4)
 *(.rodata .rodata.* .gnu.linkonce.r.*)
 .rodata.str1.4
                0x0000000000000270       0x18 obj/default/hello_world_small.o
                                         0x15 (size before relaxing)
 *(.rodata1)
                0x0000000000000288                . = ALIGN (0x4)
                0x0000000000000288                PROVIDE (__ram_rodata_end, ABSOLUTE (.))
                0x0000000000000270                PROVIDE (__flash_rodata_start, LOADADDR (.rodata))

.rwdata         0x0000000000000288        0x4 load address 0x000000000000028c
                0x0000000000000288                PROVIDE (__ram_rwdata_start, ABSOLUTE (.))
                0x0000000000000288                . = ALIGN (0x4)
 *(.got.plt)
 *(.got)
 *(.data1)
 *(.data .data.* .gnu.linkonce.d.*)
 .data          0x0000000000000288        0x0 ../sampler_bsp//obj/HAL/src/crt0.o
 .data          0x0000000000000288        0x0 obj/default/hello_world_small.o
 .data          0x0000000000000288        0x0 ../sampler_bsp/\libhal_bsp.a(alt_load.o)
 .data          0x0000000000000288        0x0 ../sampler_bsp/\libhal_bsp.a(alt_main.o)
 .data          0x0000000000000288        0x0 ../sampler_bsp/\libhal_bsp.a(alt_putstr.o)
 .data          0x0000000000000288        0x0 ../sampler_bsp/\libhal_bsp.a(alt_sys_init.o)
 .data          0x0000000000000288        0x0 ../sampler_bsp/\libhal_bsp.a(altera_avalon_jtag_uart_write.o)
 .data          0x0000000000000288        0x0 ../sampler_bsp/\libhal_bsp.a(alt_dcache_flush_all.o)
 .data          0x0000000000000288        0x0 ../sampler_bsp/\libhal_bsp.a(alt_icache_flush_all.o)
 .data          0x0000000000000288        0x0 ../sampler_bsp/\libhal_bsp.a(altera_nios2_gen2_irq.o)
 .data          0x0000000000000288        0x0 f:/intelfpga_lite/17.0/nios2eds/bin/gnu/h-x86_64-mingw32/bin/../lib/gcc/nios2-elf/5.3.0/../../../../../H-x86_64-mingw32/nios2-elf/lib/mno-hw-mul\libsmallc.a(lib_a-strlen.o)
                0x0000000000008288                _gp = ABSOLUTE ((. + 0x8000))
                [!provide]                        PROVIDE (gp, _gp)
 *(.rwdata .rwdata.*)
 *(.sdata .sdata.* .gnu.linkonce.s.*)
 .sdata         0x0000000000000288        0x4 ../sampler_bsp/\libhal_bsp.a(alt_sys_init.o)
                0x0000000000000288                jtag_uart_0
 *(.sdata2 .sdata2.* .gnu.linkonce.s2.*)
                0x000000000000028c                . = ALIGN (0x4)
                0x000000000000028c                _edata = ABSOLUTE (.)
                [!provide]                        PROVIDE (edata, ABSOLUTE (.))
                0x000000000000028c                PROVIDE (__ram_rwdata_end, ABSOLUTE (.))
                0x000000000000028c                PROVIDE (__flash_rwdata_start, LOADADDR (.rwdata))

.bss            0x0000000000000290       0x10
                0x0000000000000290                __bss_start = ABSOLUTE (.)
                [!provide]                        PROVIDE (__sbss_start, ABSOLUTE (.))
                [!provide]                        PROVIDE (___sbss_start, ABSOLUTE (.))
 *(.dynsbss)
 *(.sbss .sbss.* .gnu.linkonce.sb.*)
 .sbss          0x0000000000000290        0x4 obj/default/hello_world_small.o
                0x0000000000000290                tmp
 .sbss          0x0000000000000294        0xc ../sampler_bsp/\libhal_bsp.a(alt_main.o)
                0x0000000000000294                alt_envp
                0x0000000000000298                alt_argv
                0x000000000000029c                alt_argc
 *(.sbss2 .sbss2.* .gnu.linkonce.sb2.*)
 *(.scommon)
                [!provide]                        PROVIDE (__sbss_end, ABSOLUTE (.))
                [!provide]                        PROVIDE (___sbss_end, ABSOLUTE (.))
 *(.dynbss)
 *(.bss .bss.* .gnu.linkonce.b.*)
 .bss           0x00000000000002a0        0x0 ../sampler_bsp//obj/HAL/src/crt0.o
 .bss           0x00000000000002a0        0x0 obj/default/hello_world_small.o
 .bss           0x00000000000002a0        0x0 ../sampler_bsp/\libhal_bsp.a(alt_load.o)
 .bss           0x00000000000002a0        0x0 ../sampler_bsp/\libhal_bsp.a(alt_main.o)
 .bss           0x00000000000002a0        0x0 ../sampler_bsp/\libhal_bsp.a(alt_putstr.o)
 .bss           0x00000000000002a0        0x0 ../sampler_bsp/\libhal_bsp.a(alt_sys_init.o)
 .bss           0x00000000000002a0        0x0 ../sampler_bsp/\libhal_bsp.a(altera_avalon_jtag_uart_write.o)
 .bss           0x00000000000002a0        0x0 ../sampler_bsp/\libhal_bsp.a(alt_dcache_flush_all.o)
 .bss           0x00000000000002a0        0x0 ../sampler_bsp/\libhal_bsp.a(alt_icache_flush_all.o)
 .bss           0x00000000000002a0        0x0 ../sampler_bsp/\libhal_bsp.a(altera_nios2_gen2_irq.o)
 .bss           0x00000000000002a0        0x0 f:/intelfpga_lite/17.0/nios2eds/bin/gnu/h-x86_64-mingw32/bin/../lib/gcc/nios2-elf/5.3.0/../../../../../H-x86_64-mingw32/nios2-elf/lib/mno-hw-mul\libsmallc.a(lib_a-strlen.o)
 *(COMMON)
                0x00000000000002a0                . = ALIGN (0x4)
                0x00000000000002a0                __bss_end = ABSOLUTE (.)

.cpu_memory     0x00000000000002a0        0x0
                [!provide]                        PROVIDE (_alt_partition_cpu_memory_start, ABSOLUTE (.))
 *(.cpu_memory .cpu_memory. cpu_memory.*)
                0x00000000000002a0                . = ALIGN (0x4)
                [!provide]                        PROVIDE (_alt_partition_cpu_memory_end, ABSOLUTE (.))
                0x00000000000002a0                _end = ABSOLUTE (.)
                0x00000000000002a0                end = ABSOLUTE (.)
                0x00000000000002a0                __alt_stack_base = ABSOLUTE (.)
                [!provide]                        PROVIDE (_alt_partition_cpu_memory_load_addr, LOADADDR (.cpu_memory))

.sdram          0x0000000002000000        0x0 load address 0x00000000000002a0
                [!provide]                        PROVIDE (_alt_partition_sdram_start, ABSOLUTE (.))
 *(.sdram .sdram. sdram.*)
                0x0000000002000000                . = ALIGN (0x4)
                [!provide]                        PROVIDE (_alt_partition_sdram_end, ABSOLUTE (.))
                [!provide]                        PROVIDE (_alt_partition_sdram_load_addr, LOADADDR (.sdram))

.stab
 *(.stab)

.stabstr
 *(.stabstr)

.stab.excl
 *(.stab.excl)

.stab.exclstr
 *(.stab.exclstr)

.stab.index
 *(.stab.index)

.stab.indexstr
 *(.stab.indexstr)

.comment        0x0000000000000000       0x23
 *(.comment)
 .comment       0x0000000000000000       0x23 obj/default/hello_world_small.o
                                         0x24 (size before relaxing)
 .comment       0x0000000000000023       0x24 ../sampler_bsp/\libhal_bsp.a(alt_load.o)
 .comment       0x0000000000000023       0x24 ../sampler_bsp/\libhal_bsp.a(alt_main.o)
 .comment       0x0000000000000023       0x24 ../sampler_bsp/\libhal_bsp.a(alt_putstr.o)
 .comment       0x0000000000000023       0x24 ../sampler_bsp/\libhal_bsp.a(alt_sys_init.o)
 .comment       0x0000000000000023       0x24 ../sampler_bsp/\libhal_bsp.a(altera_avalon_jtag_uart_write.o)
 .comment       0x0000000000000023       0x24 ../sampler_bsp/\libhal_bsp.a(alt_dcache_flush_all.o)
 .comment       0x0000000000000023       0x24 ../sampler_bsp/\libhal_bsp.a(alt_icache_flush_all.o)
 .comment       0x0000000000000023       0x24 ../sampler_bsp/\libhal_bsp.a(altera_nios2_gen2_irq.o)
 .comment       0x0000000000000023       0x24 f:/intelfpga_lite/17.0/nios2eds/bin/gnu/h-x86_64-mingw32/bin/../lib/gcc/nios2-elf/5.3.0/../../../../../H-x86_64-mingw32/nios2-elf/lib/mno-hw-mul\libsmallc.a(lib_a-strlen.o)

.debug
 *(.debug)

.line
 *(.line)

.debug_srcinfo
 *(.debug_srcinfo)

.debug_sfnames
 *(.debug_sfnames)

.debug_aranges  0x0000000000000000      0x168
 *(.debug_aranges)
 .debug_aranges
                0x0000000000000000       0x28 ../sampler_bsp//obj/HAL/src/crt0.o
 .debug_aranges
                0x0000000000000028       0x20 obj/default/hello_world_small.o
 .debug_aranges
                0x0000000000000048       0x20 ../sampler_bsp/\libhal_bsp.a(alt_load.o)
 .debug_aranges
                0x0000000000000068       0x20 ../sampler_bsp/\libhal_bsp.a(alt_main.o)
 .debug_aranges
                0x0000000000000088       0x20 ../sampler_bsp/\libhal_bsp.a(alt_putstr.o)
 .debug_aranges
                0x00000000000000a8       0x20 ../sampler_bsp/\libhal_bsp.a(alt_sys_init.o)
 .debug_aranges
                0x00000000000000c8       0x20 ../sampler_bsp/\libhal_bsp.a(altera_avalon_jtag_uart_write.o)
 .debug_aranges
                0x00000000000000e8       0x20 ../sampler_bsp/\libhal_bsp.a(alt_dcache_flush_all.o)
 .debug_aranges
                0x0000000000000108       0x20 ../sampler_bsp/\libhal_bsp.a(alt_icache_flush_all.o)
 .debug_aranges
                0x0000000000000128       0x20 ../sampler_bsp/\libhal_bsp.a(altera_nios2_gen2_irq.o)
 .debug_aranges
                0x0000000000000148       0x20 f:/intelfpga_lite/17.0/nios2eds/bin/gnu/h-x86_64-mingw32/bin/../lib/gcc/nios2-elf/5.3.0/../../../../../H-x86_64-mingw32/nios2-elf/lib/mno-hw-mul\libsmallc.a(lib_a-strlen.o)

.debug_pubnames
 *(.debug_pubnames)

.debug_info     0x0000000000000000      0xb70
 *(.debug_info .gnu.linkonce.wi.*)
 .debug_info    0x0000000000000000       0x54 ../sampler_bsp//obj/HAL/src/crt0.o
 .debug_info    0x0000000000000054      0x115 obj/default/hello_world_small.o
 .debug_info    0x0000000000000169      0x1c9 ../sampler_bsp/\libhal_bsp.a(alt_load.o)
 .debug_info    0x0000000000000332      0x169 ../sampler_bsp/\libhal_bsp.a(alt_main.o)
 .debug_info    0x000000000000049b      0x13a ../sampler_bsp/\libhal_bsp.a(alt_putstr.o)
 .debug_info    0x00000000000005d5      0x185 ../sampler_bsp/\libhal_bsp.a(alt_sys_init.o)
 .debug_info    0x000000000000075a      0x197 ../sampler_bsp/\libhal_bsp.a(altera_avalon_jtag_uart_write.o)
 .debug_info    0x00000000000008f1       0x92 ../sampler_bsp/\libhal_bsp.a(alt_dcache_flush_all.o)
 .debug_info    0x0000000000000983       0x92 ../sampler_bsp/\libhal_bsp.a(alt_icache_flush_all.o)
 .debug_info    0x0000000000000a15       0x92 ../sampler_bsp/\libhal_bsp.a(altera_nios2_gen2_irq.o)
 .debug_info    0x0000000000000aa7       0xc9 f:/intelfpga_lite/17.0/nios2eds/bin/gnu/h-x86_64-mingw32/bin/../lib/gcc/nios2-elf/5.3.0/../../../../../H-x86_64-mingw32/nios2-elf/lib/mno-hw-mul\libsmallc.a(lib_a-strlen.o)

.debug_abbrev   0x0000000000000000      0x69b
 *(.debug_abbrev)
 .debug_abbrev  0x0000000000000000       0x12 ../sampler_bsp//obj/HAL/src/crt0.o
 .debug_abbrev  0x0000000000000012       0xcf obj/default/hello_world_small.o
 .debug_abbrev  0x00000000000000e1       0xd8 ../sampler_bsp/\libhal_bsp.a(alt_load.o)
 .debug_abbrev  0x00000000000001b9       0xee ../sampler_bsp/\libhal_bsp.a(alt_main.o)
 .debug_abbrev  0x00000000000002a7       0xd3 ../sampler_bsp/\libhal_bsp.a(alt_putstr.o)
 .debug_abbrev  0x000000000000037a      0x107 ../sampler_bsp/\libhal_bsp.a(alt_sys_init.o)
 .debug_abbrev  0x0000000000000481       0xd5 ../sampler_bsp/\libhal_bsp.a(altera_avalon_jtag_uart_write.o)
 .debug_abbrev  0x0000000000000556       0x42 ../sampler_bsp/\libhal_bsp.a(alt_dcache_flush_all.o)
 .debug_abbrev  0x0000000000000598       0x42 ../sampler_bsp/\libhal_bsp.a(alt_icache_flush_all.o)
 .debug_abbrev  0x00000000000005da       0x42 ../sampler_bsp/\libhal_bsp.a(altera_nios2_gen2_irq.o)
 .debug_abbrev  0x000000000000061c       0x7f f:/intelfpga_lite/17.0/nios2eds/bin/gnu/h-x86_64-mingw32/bin/../lib/gcc/nios2-elf/5.3.0/../../../../../H-x86_64-mingw32/nios2-elf/lib/mno-hw-mul\libsmallc.a(lib_a-strlen.o)

.debug_line     0x0000000000000000      0x7e8
 *(.debug_line)
 .debug_line    0x0000000000000000       0x66 ../sampler_bsp//obj/HAL/src/crt0.o
 .debug_line    0x0000000000000066      0x148 obj/default/hello_world_small.o
 .debug_line    0x00000000000001ae       0xa4 ../sampler_bsp/\libhal_bsp.a(alt_load.o)
 .debug_line    0x0000000000000252       0xbd ../sampler_bsp/\libhal_bsp.a(alt_main.o)
 .debug_line    0x000000000000030f       0xa0 ../sampler_bsp/\libhal_bsp.a(alt_putstr.o)
 .debug_line    0x00000000000003af      0x101 ../sampler_bsp/\libhal_bsp.a(alt_sys_init.o)
 .debug_line    0x00000000000004b0       0xf0 ../sampler_bsp/\libhal_bsp.a(altera_avalon_jtag_uart_write.o)
 .debug_line    0x00000000000005a0       0x4e ../sampler_bsp/\libhal_bsp.a(alt_dcache_flush_all.o)
 .debug_line    0x00000000000005ee       0x4e ../sampler_bsp/\libhal_bsp.a(alt_icache_flush_all.o)
 .debug_line    0x000000000000063c       0x50 ../sampler_bsp/\libhal_bsp.a(altera_nios2_gen2_irq.o)
 .debug_line    0x000000000000068c      0x15c f:/intelfpga_lite/17.0/nios2eds/bin/gnu/h-x86_64-mingw32/bin/../lib/gcc/nios2-elf/5.3.0/../../../../../H-x86_64-mingw32/nios2-elf/lib/mno-hw-mul\libsmallc.a(lib_a-strlen.o)

.debug_frame    0x0000000000000000      0x190
 *(.debug_frame)
 .debug_frame   0x0000000000000000       0x28 obj/default/hello_world_small.o
 .debug_frame   0x0000000000000028       0x30 ../sampler_bsp/\libhal_bsp.a(alt_load.o)
 .debug_frame   0x0000000000000058       0x2c ../sampler_bsp/\libhal_bsp.a(alt_main.o)
 .debug_frame   0x0000000000000084       0x30 ../sampler_bsp/\libhal_bsp.a(alt_putstr.o)
 .debug_frame   0x00000000000000b4       0x3c ../sampler_bsp/\libhal_bsp.a(alt_sys_init.o)
 .debug_frame   0x00000000000000f0       0x20 ../sampler_bsp/\libhal_bsp.a(altera_avalon_jtag_uart_write.o)
 .debug_frame   0x0000000000000110       0x20 ../sampler_bsp/\libhal_bsp.a(alt_dcache_flush_all.o)
 .debug_frame   0x0000000000000130       0x20 ../sampler_bsp/\libhal_bsp.a(alt_icache_flush_all.o)
 .debug_frame   0x0000000000000150       0x20 ../sampler_bsp/\libhal_bsp.a(altera_nios2_gen2_irq.o)
 .debug_frame   0x0000000000000170       0x20 f:/intelfpga_lite/17.0/nios2eds/bin/gnu/h-x86_64-mingw32/bin/../lib/gcc/nios2-elf/5.3.0/../../../../../H-x86_64-mingw32/nios2-elf/lib/mno-hw-mul\libsmallc.a(lib_a-strlen.o)

.debug_str      0x0000000000000000      0x584
 *(.debug_str)
 .debug_str     0x0000000000000000       0xe2 obj/default/hello_world_small.o
                                        0x122 (size before relaxing)
 .debug_str     0x00000000000000e2      0x150 ../sampler_bsp/\libhal_bsp.a(alt_load.o)
                                        0x222 (size before relaxing)
 .debug_str     0x0000000000000232       0x8f ../sampler_bsp/\libhal_bsp.a(alt_main.o)
                                        0x19b (size before relaxing)
 .debug_str     0x00000000000002c1       0x66 ../sampler_bsp/\libhal_bsp.a(alt_putstr.o)
                                        0x178 (size before relaxing)
 .debug_str     0x0000000000000327       0x86 ../sampler_bsp/\libhal_bsp.a(alt_sys_init.o)
                                        0x20c (size before relaxing)
 .debug_str     0x00000000000003ad       0x3f ../sampler_bsp/\libhal_bsp.a(altera_avalon_jtag_uart_write.o)
                                        0x1fb (size before relaxing)
 .debug_str     0x00000000000003ec       0x1f ../sampler_bsp/\libhal_bsp.a(alt_dcache_flush_all.o)
                                        0x13b (size before relaxing)
 .debug_str     0x000000000000040b       0x1f ../sampler_bsp/\libhal_bsp.a(alt_icache_flush_all.o)
                                        0x13b (size before relaxing)
 .debug_str     0x000000000000042a       0x20 ../sampler_bsp/\libhal_bsp.a(altera_nios2_gen2_irq.o)
                                        0x142 (size before relaxing)
 .debug_str     0x000000000000044a      0x13a f:/intelfpga_lite/17.0/nios2eds/bin/gnu/h-x86_64-mingw32/bin/../lib/gcc/nios2-elf/5.3.0/../../../../../H-x86_64-mingw32/nios2-elf/lib/mno-hw-mul\libsmallc.a(lib_a-strlen.o)
                                        0x1e5 (size before relaxing)

.debug_loc      0x0000000000000000      0x16d
 *(.debug_loc)
 .debug_loc     0x0000000000000000       0x6c obj/default/hello_world_small.o
 .debug_loc     0x000000000000006c       0x37 ../sampler_bsp/\libhal_bsp.a(alt_putstr.o)
 .debug_loc     0x00000000000000a3       0x21 ../sampler_bsp/\libhal_bsp.a(alt_sys_init.o)
 .debug_loc     0x00000000000000c4       0x8b ../sampler_bsp/\libhal_bsp.a(altera_avalon_jtag_uart_write.o)
 .debug_loc     0x000000000000014f       0x1e f:/intelfpga_lite/17.0/nios2eds/bin/gnu/h-x86_64-mingw32/bin/../lib/gcc/nios2-elf/5.3.0/../../../../../H-x86_64-mingw32/nios2-elf/lib/mno-hw-mul\libsmallc.a(lib_a-strlen.o)

.debug_macinfo
 *(.debug_macinfo)

.debug_weaknames
 *(.debug_weaknames)

.debug_funcnames
 *(.debug_funcnames)

.debug_typenames
 *(.debug_typenames)

.debug_varnames
 *(.debug_varnames)

.debug_alt_sim_info
                0x0000000000000000       0x10
 *(.debug_alt_sim_info)
 .debug_alt_sim_info
                0x0000000000000000       0x10 ../sampler_bsp//obj/HAL/src/crt0.o
                0x0000000000004000                __alt_data_end = 0x4000
                0x0000000000004000                PROVIDE (__alt_stack_pointer, __alt_data_end)
                [!provide]                        PROVIDE (__alt_stack_limit, __alt_stack_base)
                [!provide]                        PROVIDE (__alt_heap_start, end)
                [!provide]                        PROVIDE (__alt_heap_limit, 0x4000)
OUTPUT(sampler.elf elf32-littlenios2)

.debug_ranges   0x0000000000000000       0x88
 .debug_ranges  0x0000000000000000       0x20 ../sampler_bsp//obj/HAL/src/crt0.o
 .debug_ranges  0x0000000000000020       0x10 obj/default/hello_world_small.o
 .debug_ranges  0x0000000000000030       0x48 ../sampler_bsp/\libhal_bsp.a(alt_load.o)
 .debug_ranges  0x0000000000000078       0x10 f:/intelfpga_lite/17.0/nios2eds/bin/gnu/h-x86_64-mingw32/bin/../lib/gcc/nios2-elf/5.3.0/../../../../../H-x86_64-mingw32/nios2-elf/lib/mno-hw-mul\libsmallc.a(lib_a-strlen.o)
